// Jest Snapshot v1, https://goo.gl/fbAQLP

exports[`Answer component Will only render with all props passed in 1`] = `
<div>
  <label
    className="add-answer-button"
    disabled={false}
    hidden={true}
    onClick={[Function]}
  />
  <div
    hidden={false}
  >
    <form
      onSubmit={[Function]}
    >
      <div
        className="d-inline-flex flex-row"
      >
        <input
          autoFocus={true}
          className="input-answer-field"
          maxLength="18"
          onChange={[Function]}
          placeholder="Absolutely!"
          value=""
        />
        <Button
          className="button-submit"
          disabled={true}
          primary={false}
          text="Submit"
          type="submit"
        />
      </div>
    </form>
  </div>
</div>
`;
